
ASEM-51 V1.3                                         Copyright (c) 2002 by W.W. Heinz                                         PAGE 1





       MCS-51 Family Macro Assembler   A S E M - 5 1   V 1.3
       =====================================================



	Source File:	C:\Users\whony\Desktop\mirco\code\lab4\no1.asm
	Object File:	C:\Users\whony\Desktop\mirco\code\lab4\no1.hex
	List File:	C:\Users\whony\Desktop\mirco\code\lab4\no1.lst



 Line  I  Addr  Code            Source

    1:				;no1
    2:		N      0020	Result_H 	EQU	20H
    3:		N      0021	Result_L	EQU	21H
    4:		N      0000			ORG	0000H
    5:	  0000	75 20 00			MOV	Result_H,#00
    6:	  0003	75 21 00			MOV	Result_L,#00
    7:	  0006	A8 00				MOV	R0,00H
    8:
    9:	  0008	E8				MOV	A,R0
   10:	  0009	C3				CLR	C
   11:	  000A	35 21				ADDC	A,Result_L
   12:	  000C	F5 21				MOV	Result_L,A
   13:	  000E	74 00				MOV	A,#00
   14:	  0010	35 20				ADDC	A,Result_H
   15:	  0012	F5 20				MOV	Result_H,A
   16:
   17:
   18:	  0014	E6			Next:	MOV	A,@R0
   19:	  0015	C3				CLR	C
   20:	  0016	35 21				ADDC	A,Result_L
   21:	  0018	F5 21				MOV	Result_L,A
   22:	  001A	74 00				MOV	A,#00
   23:	  001C	35 20				ADDC	A,Result_H
   24:	  001E	F5 20				MOV	Result_H,A
   25:	  0020	08				INC	R0
   26:	  0021	B8 08 F0			CJNE	R0,#08H,Next
   27:						END





                     register banks used:  ---

                     no errors




ASEM-51 V1.3                                         Copyright (c) 2002 by W.W. Heinz                                         PAGE 2





	       L I S T   O F   S Y M B O L S
	       =============================


SYMBOL				  TYPE     VALUE	LINE
------------------------------------------------------------
??ASEM_51			  NUMBER    8051
??VERSION			  NUMBER    0130
AC				  BIT	      D6
ACC				  DATA	      E0
B				  DATA	      F0
CY				  BIT	      D7
DPH				  DATA	      83
DPL				  DATA	      82
EA				  BIT	      AF
ES				  BIT	      AC
ET0				  BIT	      A9
ET1				  BIT	      AB
EX0				  BIT	      A8
EX1				  BIT	      AA
EXTI0				  CODE	    0003
EXTI1				  CODE	    0013
F0				  BIT	      D5
IE				  DATA	      A8
IE0				  BIT	      89
IE1				  BIT	      8B
INT0				  BIT	      B2
INT1				  BIT	      B3
IP				  DATA	      B8
IT0				  BIT	      88
IT1				  BIT	      8A
NEXT				  CODE	    0014	  18
OV				  BIT	      D2
P				  BIT	      D0
P0				  DATA	      80
P1				  DATA	      90
P2				  DATA	      A0
P3				  DATA	      B0
PCON				  DATA	      87
PS				  BIT	      BC
PSW				  DATA	      D0
PT0				  BIT	      B9
PT1				  BIT	      BB
PX0				  BIT	      B8
PX1				  BIT	      BA
RB8				  BIT	      9A
RD				  BIT	      B7
REN				  BIT	      9C
RESET				  CODE	    0000
RESULT_H			  NUMBER    0020	   2
RESULT_L			  NUMBER    0021	   3
RI				  BIT	      98
RS0				  BIT	      D3
RS1				  BIT	      D4
RXD				  BIT	      B0
SBUF				  DATA	      99

ASEM-51 V1.3                                         Copyright (c) 2002 by W.W. Heinz                                         PAGE 3



SYMBOL				  TYPE     VALUE	LINE
------------------------------------------------------------
SCON				  DATA	      98
SINT				  CODE	    0023
SM0				  BIT	      9F
SM1				  BIT	      9E
SM2				  BIT	      9D
SP				  DATA	      81
T0				  BIT	      B4
T1				  BIT	      B5
TB8				  BIT	      9B
TCON				  DATA	      88
TF0				  BIT	      8D
TF1				  BIT	      8F
TH0				  DATA	      8C
TH1				  DATA	      8D
TI				  BIT	      99
TIMER0				  CODE	    000B
TIMER1				  CODE	    001B
TL0				  DATA	      8A
TL1				  DATA	      8B
TMOD				  DATA	      89
TR0				  BIT	      8C
TR1				  BIT	      8E
TXD				  BIT	      B1
WR				  BIT	      B6
